Archive member included because of file (symbol)

out/build/app_app.a(rboot-bigflash.o)
                              (Cache_Read_Enable_New)
out/build\libmain2.a(debug-vector.o)
                              (_DebugExceptionVector)
out/build\libmain2.a(double-vector.o)
                              (_DoubleExceptionVector)
out/build\libmain2.a(kernel-vector.o)
                              (_KernelExceptionVector)
out/build\libmain2.a(nmi-vector.o)
                              (_NMIExceptionVector)
out/build\libmain2.a(user-vector.o)
                              (_UserExceptionVector)
out/build\libmain2.a(vector.o)
                              (call_user_start)
out/build\libmain2.a(app_main.o)
                              out/build\libmain2.a(nmi-vector.o) (NMI_Handler)
out/build\libmain2.a(ets_timer.o)
                              out/build\libmain2.a(app_main.o) (ets_timer_setfn)
out/build\libmain2.a(mem_manager.o)
                              out/build\libmain2.a(app_main.o) (pvPortMalloc)
out/build\libmain2.a(spi_flash.o)
                              out/build\libmain2.a(app_main.o) (spi_flash_read)
out/build\libmain2.a(user_interface.o)
                              out/build\libmain2.a(app_main.o) (done_cb)
out/build\libmain2.a(eagle_lib.o)
                              out/build\libmain2.a(user_interface.o) (ets_sprintf)
out/build\libmain2.a(eagle_lwip_if.o)
                              out/build\libmain2.a(user_interface.o) (hostname)
d:/ESP8266/Sming/Sming/compiler/lib/\libsming.a(user_main.o)
                              out/build\libmain2.a(app_main.o) (user_init)
d:/ESP8266/Sming/Sming/compiler/lib/\libsming.a(System.o)
                              d:/ESP8266/Sming/Sming/compiler/lib/\libsming.a(user_main.o) (SystemClass::initialize())
d:/ESP8266/Sming/Sming/compiler/lib/\libsming.a(spiffs.o)
                              d:/ESP8266/Sming/Sming/compiler/lib/\libsming.a(user_main.o) (spiffs_mount)
d:/ESP8266/Sming/Sming/compiler/lib/\libsming.a(spiffs_hydrogen.o)
                              d:/ESP8266/Sming/Sming/compiler/lib/\libsming.a(spiffs.o) (SPIFFS_mount)
d:/ESP8266/Sming/Sming/compiler/lib/\libsming.a(spiffs_nucleus.o)
                              d:/ESP8266/Sming/Sming/compiler/lib/\libsming.a(spiffs_hydrogen.o) (spiffs_obj_lu_find_entry_visitor)
d:/ESP8266/Sming/Sming/compiler/lib/\libsming.a(esp_cplusplus.o)
                              d:/ESP8266/Sming/Sming/compiler/lib/\libsming.a(user_main.o) (cpp_core_initialize)
d:/ESP8266/Sming/Sming/compiler/lib/\libsming.a(m_printf.o)
                              d:/ESP8266/Sming/Sming/compiler/lib/\libsming.a(spiffs.o) (m_printf)
d:/ESP8266/Sming/Sming/compiler/lib/\libsming.a(stringconversion.o)
                              d:/ESP8266/Sming/Sming/compiler/lib/\libsming.a(m_printf.o) (ltoa_w)
d:/ESP8266/Sming/Sming/compiler/lib/\libsming.a(IPAddress.o)
                              d:/ESP8266/Sming/Sming/compiler/lib/\libsming.a(user_main.o) (IPAddress::IPAddress(unsigned char, unsigned char, unsigned char, unsigned char))
d:/ESP8266/Sming/Sming/compiler/lib/\libsming.a(Print.o)
                              d:/ESP8266/Sming/Sming/compiler/lib/\libsming.a(IPAddress.o) (Print::print(char))
d:/ESP8266/Sming/Sming/compiler/lib/\libsming.a(WString.o)
                              d:/ESP8266/Sming/Sming/compiler/lib/\libsming.a(IPAddress.o) (String::~String())
d:/ESP8266/Sming/Sming/compiler/lib/\libsming.a(Interrupts.o)
                              d:/ESP8266/Sming/Sming/compiler/lib/\libsming.a(System.o) (noInterrupts())
d:/ESP8266/Sming/Sming/compiler/lib/\libsming.a(flashmem.o)
                              d:/ESP8266/Sming/Sming/compiler/lib/\libsming.a(spiffs.o) (flashmem_erase_sector)
d:/ESP8266/Sming/Sming/compiler/lib/\libsming.a(spiffs_cache.o)
                              d:/ESP8266/Sming/Sming/compiler/lib/\libsming.a(spiffs_hydrogen.o) (spiffs_phys_rd)
d:/ESP8266/Sming/Sming/compiler/lib/\libsming.a(spiffs_check.o)
                              d:/ESP8266/Sming/Sming/compiler/lib/\libsming.a(spiffs_hydrogen.o) (spiffs_lookup_consistency_check)
d:/ESP8266/Sming/Sming/compiler/lib/\libsming.a(spiffs_gc.o)
                              d:/ESP8266/Sming/Sming/compiler/lib/\libsming.a(spiffs_nucleus.o) (spiffs_gc_quick)
d:/ESP8266/Sming/Sming/compiler/lib/\libsming.a(Digital.o)
                              d:/ESP8266/Sming/Sming/compiler/lib/\libsming.a(Interrupts.o) (pinMode(unsigned short, unsigned char))
out/build/app_app.a(application.o)
                              d:/ESP8266/Sming/Sming/compiler/lib/\libsming.a(user_main.o) (init())
out/build/app_app.a(rboot-api.o)
                              out/build/app_app.a(application.o) (rboot_get_config)
d:/ESP8266/Sming/Sming/compiler/lib/\libmicroc.a(isspace.o)
                              d:/ESP8266/Sming/Sming/compiler/lib/\libsming.a(WString.o) (isspace)
[...]
Memory Configuration

Name             Origin             Length             Attributes
dport0_0_seg     0x3ff00000         0x00000010
dram0_0_seg      0x3ffe8000         0x00014000
iram1_0_seg      0x40100000         0x00008000
irom0_0_seg      0x40282010         0x00042000
*default*        0x00000000         0xffffffff

Linker script and memory map

START GROUP
LOAD out/build/app_app.a
LOAD d:/ESP8266/Sming/Sming/compiler/lib/\libmicroc.a
LOAD d:/ESP8266/Sming/Sming/compiler/lib/\libmicrogcc.a
LOAD c:/espressif/xtensa-lx106-elf/bin/../lib/gcc/xtensa-lx106-elf/5.1.0/../../../../xtensa-lx106-elf/lib\libhal.a
LOAD c:/Espressif/ESP8266_SDK/lib\libphy.a
LOAD c:/Espressif/ESP8266_SDK/lib\libpp.a
LOAD c:/Espressif/ESP8266_SDK/lib\libnet80211.a
LOAD c:/Espressif/ESP8266_SDK/lib\liblwip.a
LOAD c:/Espressif/ESP8266_SDK/lib\libwpa.a
LOAD out/build\libmain2.a
LOAD d:/ESP8266/Sming/Sming/compiler/lib/\libsming.a
END GROUP
                0x40000000                PROVIDE (_memmap_vecbase_reset, 0x40000000)
                0x00000110                _memmap_cacheattr_wb_base = 0x110
                0x00000110                _memmap_cacheattr_wt_base = 0x110
                0x00000220                _memmap_cacheattr_bp_base = 0x220
                0xfffff00f                _memmap_cacheattr_unused_mask = 0xfffff00f
                0x2222211f                _memmap_cacheattr_wb_trapnull = 0x2222211f
                0x2222211f                _memmap_cacheattr_wba_trapnull = 0x2222211f
                0x2222211f                _memmap_cacheattr_wbna_trapnull = 0x2222211f
                0x2222211f                _memmap_cacheattr_wt_trapnull = 0x2222211f
                0x2222222f                _memmap_cacheattr_bp_trapnull = 0x2222222f
                0xfffff11f                _memmap_cacheattr_wb_strict = 0xfffff11f
                0xfffff11f                _memmap_cacheattr_wt_strict = 0xfffff11f
                0xfffff22f                _memmap_cacheattr_bp_strict = 0xfffff22f
                0x22222112                _memmap_cacheattr_wb_allvalid = 0x22222112
                0x22222112                _memmap_cacheattr_wt_allvalid = 0x22222112
                0x22222222                _memmap_cacheattr_bp_allvalid = 0x22222222
                0x2222211f                PROVIDE (_memmap_cacheattr_reset, _memmap_cacheattr_wb_trapnull)

.dport0.rodata  0x3ff00000        0x0
                0x3ff00000                _dport0_rodata_start = ABSOLUTE (.)
 *(.dport0.rodata)
 *(.dport.rodata)
                0x3ff00000                _dport0_rodata_end = ABSOLUTE (.)

.dport0.literal
                0x3ff00000        0x0
                0x3ff00000                _dport0_literal_start = ABSOLUTE (.)
 *(.dport0.literal)
 *(.dport.literal)
                0x3ff00000                _dport0_literal_end = ABSOLUTE (.)

.dport0.data    0x3ff00000        0x0
                0x3ff00000                _dport0_data_start = ABSOLUTE (.)
 *(.dport0.data)
 *(.dport.data)
                0x3ff00000                _dport0_data_end = ABSOLUTE (.)

.data           0x3ffe8000      0x361
                0x3ffe8000                _data_start = ABSOLUTE (.)
 *(.data)
 .data          0x3ffe8000        0x4 out/build\libmain2.a(nmi-vector.o)
                0x3ffe8000                _Pri_3_HandlerAddress
 .data          0x3ffe8004        0x1 out/build\libmain2.a(app_main.o)
 *fill*         0x3ffe8005        0x3 
 .data          0x3ffe8008        0x5 out/build\libmain2.a(user_interface.o)
                0x3ffe8009                timer2_ms_flag
                0x3ffe800a                dhcps_flag
                0x3ffe800b                dhcpc_flag
                0x3ffe800c                reconnect_internal
 *fill*         0x3ffe800d        0x3 
 .data          0x3ffe8010        0x1 out/build\libmain2.a(eagle_lwip_if.o)
                0x3ffe8010                default_hostname
 *fill*         0x3ffe8011        0xf 
 .data          0x3ffe8020       0x53 c:/Espressif/ESP8266_SDK/lib\libphy.a(phy_chip_v6.o)
                0x3ffe8022                tx_rf_ana_gain
                0x3ffe8050                rx_gain_swp
                0x3ffe8070                test_rffreq_txcap
 *fill*         0x3ffe8073        0x1 
 .data          0x3ffe8074        0x4 c:/Espressif/ESP8266_SDK/lib\libphy.a(phy_sleep.o)
                0x3ffe8074                chip_version
 .data          0x3ffe8078        0x1 c:/Espressif/ESP8266_SDK/lib\libpp.a(pm.o)
 *fill*         0x3ffe8079        0x3 
 .data          0x3ffe807c        0x1 c:/Espressif/ESP8266_SDK/lib\libpp.a(pm_for_bcn_only_mode.o)
 *fill*         0x3ffe807d        0x3 
 .data          0x3ffe8080       0x1c c:/Espressif/ESP8266_SDK/lib\libpp.a(pp.o)
                0x3ffe8080                soft_wdt_interval
                0x3ffe8084                NoiseTimerInterval
                0x3ffe808c                sleep_start_wait_time
                0x3ffe8094                CanDoFreqCal
                0x3ffe8098                tcb
 *fill*         0x3ffe809c        0x4 
 .data          0x3ffe80a0       0x40 c:/Espressif/ESP8266_SDK/lib\libpp.a(rate_control.o)
 .data          0x3ffe80e0      0x22c c:/Espressif/ESP8266_SDK/lib\libpp.a(trc.o)
 .data          0x3ffe830c        0x8 c:/Espressif/ESP8266_SDK/lib\libpp.a(wdev.o)
 .data          0x3ffe8314        0x3 c:/Espressif/ESP8266_SDK/lib\libnet80211.a(ieee80211.o)
                0x3ffe8314                esp_mac_head
 *fill*         0x3ffe8317        0x1 
 .data          0x3ffe8318        0x1 c:/Espressif/ESP8266_SDK/lib\libnet80211.a(ieee80211_hostap.o)
                0x3ffe8318                TmpSTAAPCloseAP
 *fill*         0x3ffe8319        0x7 
 .data          0x3ffe8320       0x1c c:/Espressif/ESP8266_SDK/lib\libnet80211.a(ieee80211_action.o)
 .data          0x3ffe833c        0x4 c:/Espressif/ESP8266_SDK/lib\liblwip.a(dhcp.o)
 .data          0x3ffe8340        0x2 c:/Espressif/ESP8266_SDK/lib\liblwip.a(dhcpserver.o)
 *fill*         0x3ffe8342        0x2 
 .data          0x3ffe8344        0x8 c:/Espressif/ESP8266_SDK/lib\liblwip.a(tcp.o)
 *(.data.*)
 .data.rBoot_mmap_2
                0x3ffe834c        0x1 out/build/app_app.a(rboot-bigflash.o)
                0x3ffe834c                rBoot_mmap_2
 .data.rBoot_mmap_1
                0x3ffe834d        0x1 out/build/app_app.a(rboot-bigflash.o)
                0x3ffe834d                rBoot_mmap_1
 *fill*         0x3ffe834e        0x2 
 .data.cbc_printchar
                0x3ffe8350        0x4 d:/ESP8266/Sming/Sming/compiler/lib/\libsming.a(m_printf.o)
                0x3ffe8350                cbc_printchar
 *fill*         0x3ffe8354        0x4 
 .data.timeZ    0x3ffe8358        0x8 out/build/app_app.a(application.o)
                0x3ffe8358                timeZ
 .data.state    0x3ffe8360        0x1 out/build/app_app.a(application.o)
                0x3ffe8360                state
 *(.gnu.linkonce.d.*)
 *(.data1)
 *(.sdata)
 *(.sdata.*)
 *(.gnu.linkonce.s.*)
 *(.sdata2)
 *(.sdata2.*)
 *(.gnu.linkonce.s2.*)
 *(.jcr)
                0x3ffe8361                _data_end = ABSOLUTE (.)

.rodata         0x3ffe8368     0x1654
                0x3ffe8368                _rodata_start = ABSOLUTE (.)
 *(.sdk.version)
 .sdk.version   0x3ffe8368        0x6 out/build\libmain2.a(app_main.o)
                0x3ffe8368                SDK_VERSION
 *(.rodata)
 *fill*         0x3ffe836e        0x2 
 .rodata        0x3ffe8370       0x20 d:/ESP8266/Sming/Sming/compiler/lib/\libmicroc.a(floatscan.o)
 .rodata        0x3ffe8390        0x8 c:/Espressif/ESP8266_SDK/lib\libphy.a(phy_chip_v6.o)
 .rodata        0x3ffe8398        0x4 c:/Espressif/ESP8266_SDK/lib\libpp.a(pp.o)
 *fill*         0x3ffe839c        0x4 
 .rodata        0x3ffe83a0        0x8 c:/Espressif/ESP8266_SDK/lib\libnet80211.a(wl_cnx.o)
 .rodata        0x3ffe83a8        0x6 c:/Espressif/ESP8266_SDK/lib\liblwip.a(etharp.o)
                0x3ffe83a8                ethbroadcast
 *(.rodata.*)
 *fill*         0x3ffe83ae        0x2 
 .rodata.str1.4
                0x3ffe83b0        0xc out/build\libmain2.a(app_main.o)
 .rodata.str1.4
                0x3ffe83bc        0x4 out/build\libmain2.a(ets_timer.o)
                                  0xc (size before relaxing)
 .rodata.str1.4
                0x3ffe83c0        0x8 out/build\libmain2.a(mem_manager.o)
 .rodata._ZL14EspDigitalPins
                0x3ffe83c8       0xc0 d:/ESP8266/Sming/Sming/compiler/lib/\libsming.a(user_main.o)
 .rodata._ZTV6VectorI8DelegateIFvvEEE
                0x3ffe8488       0x1c d:/ESP8266/Sming/Sming/compiler/lib/\libsming.a(System.o)
                0x3ffe8488                vtable for Vector<Delegate<void ()> >
 .rodata._ZTV6VectorIP19ISystemReadyHandlerE
                0x3ffe84a4       0x1c d:/ESP8266/Sming/Sming/compiler/lib/\libsming.a(System.o)
                0x3ffe84a4                vtable for Vector<ISystemReadyHandler*>
 .rodata.str1.1
                0x3ffe84c0      0x159 d:/ESP8266/Sming/Sming/compiler/lib/\libsming.a(spiffs.o)
                                0x165 (size before relaxing)
 .rodata.str1.1
                0x3ffe8619       0x21 d:/ESP8266/Sming/Sming/compiler/lib/\libsming.a(stringconversion.o)
 .rodata.str1.1
                0x3ffe863a        0xf d:/ESP8266/Sming/Sming/compiler/lib/\libsming.a(IPAddress.o)
                                 0x10 (size before relaxing)
 *fill*         0x3ffe8649        0x3 
 .rodata._ZTV9IPAddress
                0x3ffe864c        0xc d:/ESP8266/Sming/Sming/compiler/lib/\libsming.a(IPAddress.o)
                0x3ffe864c                vtable for IPAddress
 .rodata.str1.1
                0x00000000        0x1 d:/ESP8266/Sming/Sming/compiler/lib/\libsming.a(WString.o)
 .rodata.CSWTCH$10
                0x3ffe8658       0x21 d:/ESP8266/Sming/Sming/compiler/lib/\libsming.a(Interrupts.o)
 .rodata.str1.1
                0x3ffe8679       0x59 d:/ESP8266/Sming/Sming/compiler/lib/\libsming.a(flashmem.o)
 *fill*         0x3ffe86d2        0x2 
 .rodata.CSWTCH$11
                0x3ffe86d4       0x14 d:/ESP8266/Sming/Sming/compiler/lib/\libsming.a(flashmem.o)
 .rodata.str1.1
                0x3ffe86e8       0x23 d:/ESP8266/Sming/Sming/compiler/lib/\libsming.a(Digital.o)
 *fill*         0x3ffe870b        0x1 
 .rodata._ZL14EspDigitalPins
                0x3ffe870c       0xc0 d:/ESP8266/Sming/Sming/compiler/lib/\libsming.a(Digital.o)
 .rodata.str1.1
                0x3ffe87cc      0x15d out/build/app_app.a(application.o)
 *fill*         0x3ffe8929        0x3 
 .rodata._ZTV14FunctionCallerIPFvvEvJEE
                0x3ffe892c       0x14 out/build/app_app.a(application.o)
                0x3ffe892c                vtable for FunctionCaller<void (*)(), void>
 .rodata._ZTV14FunctionCallerIPFv6StringS0_EvJS0_S0_EE
                0x3ffe8940       0x14 out/build/app_app.a(application.o)
                0x3ffe8940                vtable for FunctionCaller<void (*)(String, String), void, String, String>
 .rodata.str1.1
                0x3ffe8954        0xc d:/ESP8266/Sming/Sming/compiler/lib/\libmicroc.a(abort.o)
 .rodata.str1.1
                0x3ffe8960        0xd d:/ESP8266/Sming/Sming/compiler/lib/\libmicroc.a(floatscan.o)
 *fill*         0x3ffe896d        0x3 
 .rodata.str1.4
                0x3ffe8970        0x4 c:/Espressif/ESP8266_SDK/lib\libpp.a(lmac.o)
                                  0xc (size before relaxing)
 .rodata.str1.4
                0x3ffe8974        0x3 c:/Espressif/ESP8266_SDK/lib\libpp.a(pm.o)
                                  0xb (size before relaxing)
 *fill*         0x3ffe8977        0x1 
 .rodata.str1.4
                0x3ffe8978        0x4 c:/Espressif/ESP8266_SDK/lib\libpp.a(pm_for_bcn_only_mode.o)
                                  0xc (size before relaxing)
 .rodata.str1.4
                0x3ffe897c        0x3 c:/Espressif/ESP8266_SDK/lib\libpp.a(pp.o)
                                  0xb (size before relaxing)
 *fill*         0x3ffe897f        0x1 
 .rodata.str1.4
                0x3ffe8980        0x4 c:/Espressif/ESP8266_SDK/lib\libpp.a(wdev.o)
                                  0xc (size before relaxing)
 .rodata.str1.4
                0x3ffe8984        0x4 c:/Espressif/ESP8266_SDK/lib\liblwip.a(espconn_tcp.o)
                                  0x1 (size before relaxing)
 .rodata.str1.1
                0x00000000        0xd d:/ESP8266/Sming/Sming/compiler/lib/\libsming.a(HardwareSerial.o)
                                  0x3 (size before relaxing)
 .rodata._ZTV14HardwareSerial
                0x3ffe8988       0x20 d:/ESP8266/Sming/Sming/compiler/lib/\libsming.a(HardwareSerial.o)
                0x3ffe8988                vtable for HardwareSerial
 .rodata.str1.1
                0x3ffe89a8       0x13 d:/ESP8266/Sming/Sming/compiler/lib/\libsming.a(SystemClock.o)
 .rodata.str1.1
                0x3ffe89bb      0x167 d:/ESP8266/Sming/Sming/compiler/lib/\libsming.a(MqttClient.o)
                                0x16a (size before relaxing)
 *fill*         0x3ffe8b22        0x2 
 .rodata._ZTV10MqttClient
                0x3ffe8b24       0x3c d:/ESP8266/Sming/Sming/compiler/lib/\libsming.a(MqttClient.o)
                0x3ffe8b24                vtable for MqttClient
 .rodata.str1.1
                0x3ffe8b60       0x1d d:/ESP8266/Sming/Sming/compiler/lib/\libsming.a(NtpClient.o)
                                 0x2a (size before relaxing)
 *fill*         0x3ffe8b7d        0x3 
 .rodata._ZTV9NtpClient
                0x3ffe8b80       0x28 d:/ESP8266/Sming/Sming/compiler/lib/\libsming.a(NtpClient.o)
                0x3ffe8b80                vtable for NtpClient
 .rodata._ZTV12MethodCallerIM9NtpClientFvvEE
                0x3ffe8ba8       0x14 d:/ESP8266/Sming/Sming/compiler/lib/\libsming.a(NtpClient.o)
                0x3ffe8ba8                vtable for MethodCaller<void (NtpClient::*)()>
 .rodata.str1.1
                0x3ffe8bbc       0x1e d:/ESP8266/Sming/Sming/compiler/lib/\libsming.a(TcpClient.o)
 *fill*         0x3ffe8bda        0x2 
 .rodata._ZTV9TcpClient
                0x3ffe8bdc       0x3c d:/ESP8266/Sming/Sming/compiler/lib/\libsming.a(TcpClient.o)
                0x3ffe8bdc                vtable for TcpClient
 .rodata.str1.1
                0x3ffe8c18      0x220 d:/ESP8266/Sming/Sming/compiler/lib/\libsming.a(TcpConnection.o)
 .rodata._ZTV13TcpConnection
                0x3ffe8e38       0x38 d:/ESP8266/Sming/Sming/compiler/lib/\libsming.a(TcpConnection.o)
                0x3ffe8e38                vtable for TcpConnection
 .rodata.str1.1
                0x3ffe8e70       0x59 d:/ESP8266/Sming/Sming/compiler/lib/\libsming.a(UdpConnection.o)
 *fill*         0x3ffe8ec9        0x3 
 .rodata._ZTV13UdpConnection
                0x3ffe8ecc       0x28 d:/ESP8266/Sming/Sming/compiler/lib/\libsming.a(UdpConnection.o)
                0x3ffe8ecc                vtable for UdpConnection
 .rodata.str1.1
                0x3ffe8ef4       0xda d:/ESP8266/Sming/Sming/compiler/lib/\libsming.a(rBootHttpUpdate.o)
                                 0xdb (size before relaxing)
 *fill*         0x3ffe8fce        0x2 
 .rodata._ZTV6VectorI19rBootHttpUpdateItemE
                0x3ffe8fd0       0x1c d:/ESP8266/Sming/Sming/compiler/lib/\libsming.a(rBootHttpUpdate.o)
                0x3ffe8fd0                vtable for Vector<rBootHttpUpdateItem>
 .rodata._ZTV15rBootHttpUpdate
                0x3ffe8fec       0x40 d:/ESP8266/Sming/Sming/compiler/lib/\libsming.a(rBootHttpUpdate.o)
                0x3ffe8fec                vtable for rBootHttpUpdate
 .rodata._ZTV12MethodCallerIM15rBootHttpUpdateFvvEE
                0x3ffe902c       0x14 d:/ESP8266/Sming/Sming/compiler/lib/\libsming.a(rBootHttpUpdate.o)
                0x3ffe902c                vtable for MethodCaller<void (rBootHttpUpdate::*)()>
 .rodata.str1.1
                0x3ffe9040       0x13 d:/ESP8266/Sming/Sming/compiler/lib/\libsming.a(RTC.o)
 .rodata.str1.1
                0x3ffe9053      0x205 d:/ESP8266/Sming/Sming/compiler/lib/\libsming.a(Station.o)
                                0x20f (size before relaxing)
 .rodata._ZTV12StationClass
                0x3ffe9258       0x14 d:/ESP8266/Sming/Sming/compiler/lib/\libsming.a(Station.o)
                0x3ffe9258                vtable for StationClass
 .rodata._ZTV6VectorI7BssInfoE
                0x3ffe926c       0x1c d:/ESP8266/Sming/Sming/compiler/lib/\libsming.a(Station.o)
                0x3ffe926c                vtable for Vector<BssInfo>
 .rodata._ZTV8WDTClass
                0x3ffe9288       0x14 d:/ESP8266/Sming/Sming/compiler/lib/\libsming.a(WDT.o)
                0x3ffe9288                vtable for WDTClass
 .rodata.str1.1
                0x3ffe929c       0xd0 d:/ESP8266/Sming/Sming/compiler/lib/\libsming.a(CommandExecutor.o)
                                 0xd5 (size before relaxing)
 .rodata.str1.1
                0x3ffe936c      0x24e d:/ESP8266/Sming/Sming/compiler/lib/\libsming.a(CommandHandler.o)
                                0x256 (size before relaxing)
 .rodata.str1.1
                0x3ffe95ba       0x4c d:/ESP8266/Sming/Sming/compiler/lib/\libsming.a(DateTime.o)
                                 0x58 (size before relaxing)
 .rodata._ZL9monthDays
                0x3ffe9606        0xc d:/ESP8266/Sming/Sming/compiler/lib/\libsming.a(DateTime.o)
 .rodata.str1.1
                0x3ffe9612        0x6 d:/ESP8266/Sming/Sming/compiler/lib/\libsming.a(libemqtt.o)
 .rodata.str1.1
                0x3ffe9618      0x156 d:/ESP8266/Sming/Sming/compiler/lib/\libsming.a(DataSourceStream.o)
                                0x157 (size before relaxing)
 *fill*         0x3ffe976e        0x2 
 .rodata._ZTV16MemoryDataStream
                0x3ffe9770       0x48 d:/ESP8266/Sming/Sming/compiler/lib/\libsming.a(DataSourceStream.o)
                0x3ffe9770                vtable for MemoryDataStream
 .rodata.str1.1
                0x3ffe97b8       0x34 d:/ESP8266/Sming/Sming/compiler/lib/\libsming.a(FileSystem.o)
                                 0x37 (size before relaxing)
 .rodata.str1.1
                0x3ffe97ec       0xea d:/ESP8266/Sming/Sming/compiler/lib/\libsming.a(HttpClient.o)
                                 0xf8 (size before relaxing)
 *fill*         0x3ffe98d6        0x2 
 .rodata._ZTV10HttpClient
                0x3ffe98d8       0x40 d:/ESP8266/Sming/Sming/compiler/lib/\libsming.a(HttpClient.o)
                0x3ffe98d8                vtable for HttpClient
 .rodata.str1.1
                0x00000000        0xa d:/ESP8266/Sming/Sming/compiler/lib/\libsming.a(URL.o)
 .rodata.str1.1
                0x3ffe9918       0x10 d:/ESP8266/Sming/Sming/compiler/lib/\libsming.a(ArduinoJson.o)
                                 0x11 (size before relaxing)
 .rodata.str1.1
                0x00000000        0x1 d:/ESP8266/Sming/Sming/compiler/lib/\libsming.a(CommandDelegate.o)
 *(.gnu.linkonce.r.*)
 *(.rodata1)
                0x3ffe9928                __XT_EXCEPTION_TABLE__ = ABSOLUTE (.)
 *(.xt_except_table)
 *(.gcc_except_table)
 *(.gnu.linkonce.e.*)
 *(.gnu.version_r)
 *(.eh_frame)
                0x3ffe9928                . = ((. + 0x3) & 0xfffffffc)
                0x3ffe9928                __dso_handle = ABSOLUTE (.)
                0x3ffe9928                __init_array_start = ABSOLUTE (.)
 *crtbegin.o(.ctors)
 *(EXCLUDE_FILE(*crtend.o) .ctors)
 .ctors         0x3ffe9928        0x4 d:/ESP8266/Sming/Sming/compiler/lib/\libsming.a(user_main.o)
 .ctors         0x3ffe992c        0x4 d:/ESP8266/Sming/Sming/compiler/lib/\libsming.a(System.o)
 .ctors         0x3ffe9930        0x4 d:/ESP8266/Sming/Sming/compiler/lib/\libsming.a(m_printf.o)
 .ctors         0x3ffe9934        0x4 d:/ESP8266/Sming/Sming/compiler/lib/\libsming.a(IPAddress.o)
 .ctors         0x3ffe9938        0x4 d:/ESP8266/Sming/Sming/compiler/lib/\libsming.a(Print.o)
 .ctors         0x3ffe993c        0x4 d:/ESP8266/Sming/Sming/compiler/lib/\libsming.a(WString.o)
 .ctors         0x3ffe9940        0x4 d:/ESP8266/Sming/Sming/compiler/lib/\libsming.a(Interrupts.o)
 .ctors         0x3ffe9944        0x4 d:/ESP8266/Sming/Sming/compiler/lib/\libsming.a(Digital.o)
 .ctors         0x3ffe9948        0x4 out/build/app_app.a(application.o)
 .ctors         0x3ffe994c        0x4 d:/ESP8266/Sming/Sming/compiler/lib/\libsming.a(HardwareSerial.o)
 .ctors         0x3ffe9950        0x4 d:/ESP8266/Sming/Sming/compiler/lib/\libsming.a(SystemClock.o)
 .ctors         0x3ffe9954        0x4 d:/ESP8266/Sming/Sming/compiler/lib/\libsming.a(MqttClient.o)
 .ctors         0x3ffe9958        0x4 d:/ESP8266/Sming/Sming/compiler/lib/\libsming.a(NtpClient.o)
 .ctors         0x3ffe995c        0x4 d:/ESP8266/Sming/Sming/compiler/lib/\libsming.a(TcpClient.o)
 .ctors         0x3ffe9960        0x4 d:/ESP8266/Sming/Sming/compiler/lib/\libsming.a(TcpConnection.o)
 .ctors         0x3ffe9964        0x4 d:/ESP8266/Sming/Sming/compiler/lib/\libsming.a(UdpConnection.o)
 .ctors         0x3ffe9968        0x4 d:/ESP8266/Sming/Sming/compiler/lib/\libsming.a(rBootHttpUpdate.o)
 .ctors         0x3ffe996c        0x4 d:/ESP8266/Sming/Sming/compiler/lib/\libsming.a(RTC.o)
 .ctors         0x3ffe9970        0x4 d:/ESP8266/Sming/Sming/compiler/lib/\libsming.a(Station.o)
 .ctors         0x3ffe9974        0x4 d:/ESP8266/Sming/Sming/compiler/lib/\libsming.a(WDT.o)
 .ctors         0x3ffe9978        0x4 d:/ESP8266/Sming/Sming/compiler/lib/\libsming.a(CommandExecutor.o)
 .ctors         0x3ffe997c        0x4 d:/ESP8266/Sming/Sming/compiler/lib/\libsming.a(CommandHandler.o)
 .ctors         0x3ffe9980        0x4 d:/ESP8266/Sming/Sming/compiler/lib/\libsming.a(CommandOutput.o)
 .ctors         0x3ffe9984        0x4 d:/ESP8266/Sming/Sming/compiler/lib/\libsming.a(DateTime.o)
 .ctors         0x3ffe9988        0x4 d:/ESP8266/Sming/Sming/compiler/lib/\libsming.a(Clock.o)
 .ctors         0x3ffe998c        0x4 d:/ESP8266/Sming/Sming/compiler/lib/\libsming.a(DataSourceStream.o)
 .ctors         0x3ffe9990        0x4 d:/ESP8266/Sming/Sming/compiler/lib/\libsming.a(HttpClient.o)
 .ctors         0x3ffe9994        0x4 d:/ESP8266/Sming/Sming/compiler/lib/\libsming.a(ArduinoJson.o)
 .ctors         0x3ffe9998        0x4 d:/ESP8266/Sming/Sming/compiler/lib/\libsming.a(CommandDelegate.o)
 *(SORT(.ctors.*))
 *(.ctors)
                0x3ffe999c                __init_array_end = ABSOLUTE (.)
 *crtbegin.o(.dtors)
 *(EXCLUDE_FILE(*crtend.o) .dtors)
 .dtors         0x3ffe999c        0x4 d:/ESP8266/Sming/Sming/compiler/lib/\libsming.a(System.o)
 .dtors         0x3ffe99a0        0x4 d:/ESP8266/Sming/Sming/compiler/lib/\libsming.a(Interrupts.o)
 .dtors         0x3ffe99a4        0x4 out/build/app_app.a(application.o)
 .dtors         0x3ffe99a8        0x4 d:/ESP8266/Sming/Sming/compiler/lib/\libsming.a(HardwareSerial.o)
 .dtors         0x3ffe99ac        0x4 d:/ESP8266/Sming/Sming/compiler/lib/\libsming.a(Station.o)
 .dtors         0x3ffe99b0        0x4 d:/ESP8266/Sming/Sming/compiler/lib/\libsming.a(ArduinoJson.o)
 *(SORT(.dtors.*))
 *(.dtors)
                0x3ffe99b4                __XT_EXCEPTION_DESCS__ = ABSOLUTE (.)
 *(.xt_except_desc)
 *(.gnu.linkonce.h.*)
                0x3ffe99b4                __XT_EXCEPTION_DESCS_END__ = ABSOLUTE (.)
 *(.xt_except_desc_end)
 *(.dynamic)
 *(.gnu.version_d)
                0x3ffe99b4                . = ALIGN (0x4)
                0x3ffe99b4                _bss_table_start = ABSOLUTE (.)
                0x3ffe99b4        0x4 LONG 0x3ffe99c0 _bss_start
                0x3ffe99b8        0x4 LONG 0x3fff13d0 _bss_end
                0x3ffe99bc                _bss_table_end = ABSOLUTE (.)
                0x3ffe99bc                _rodata_end = ABSOLUTE (.)

.bss            0x3ffe99c0     0x7a10
                0x3ffe99c0                . = ALIGN (0x8)
                0x3ffe99c0                _bss_start = ABSOLUTE (.)
 *(.dynsbss)
 *(.sbss)
 *(.sbss.*)
 *(.gnu.linkonce.sb.*)
 *(.scommon)
 *(.sbss2)
 *(.sbss2.*)
 *(.gnu.linkonce.sb2.*)
 *(.dynbss)
 *(.bss)
 .bss           0x3ffe99c0      0x1c0 out/build\libmain2.a(nmi-vector.o)
 .bss           0x3ffe9b80       0x41 out/build\libmain2.a(app_main.o)
                0x3ffe9b84                info
                0x3ffe9ba8                lwip_timer_interval
                0x3ffe9bac                check_timeouts_timer
                0x3ffe9bc0                user_init_flag
 *fill*         0x3ffe9bc1        0xf 
 .bss           0x3ffe9bd0       0x30 out/build\libmain2.a(ets_timer.o)
                0x3ffe9bd0                timer_list
                0x3ffe9bd4                debug_timer
                0x3ffe9bd8                debug_timerfn
 .bss           0x3ffe9c00       0x18 out/build\libmain2.a(mem_manager.o)
 .bss           0x3ffe9c18        0x4 out/build\libmain2.a(spi_flash.o)
                0x3ffe9c18                flash_read
 *fill*         0x3ffe9c1c        0x4 
 .bss           0x3ffe9c20      0x151 out/build\libmain2.a(user_interface.o)
                0x3ffe9d17                deep_sleep_flag
                0x3ffe9d18                cpu_overclock
                0x3ffe9d1c                event_cb
                0x3ffe9d20                status_led_output_level
                0x3ffe9d24                done_cb
                0x3ffe9d28                rst_if
                0x3ffe9d44                default_interface
                0x3ffe9d45                OpmodChgIsOnGoing
                0x3ffe9d48                bcn_ie
                0x3ffe9d50                promiscuous_cb
 *fill*         0x3ffe9d71        0x3 
 .bss           0x3ffe9d74        0xc out/build\libmain2.a(eagle_lwip_if.o)
                0x3ffe9d74                hostname
 .bss           0x3ffe9d80        0x4 d:/ESP8266/Sming/Sming/compiler/lib/\libmicroc.a(__errno_location.o)
 .bss           0x3ffe9d84        0x4 c:/Espressif/ESP8266_SDK/lib\libphy.a(phy.o)
 .bss           0x3ffe9d88        0x2 c:/Espressif/ESP8266_SDK/lib\libphy.a(phy_chip_v6_ana.o)
                0x3ffe9d88                tout_dis_txpwr_track
                0x3ffe9d89                sleep_mode_flag
 *fill*         0x3ffe9d8a        0x6 
 .bss           0x3ffe9d90      0x353 c:/Espressif/ESP8266_SDK/lib\libphy.a(phy_chip_v6.o)
                0x3ffe9d90                g_phyFuns
                0x3ffe9d94                rxiq_compute_num
                0x3ffe9d98                rxdc_init_flag
                0x3ffe9d9c                check_result
                0x3ffe9da0                chip6_sleep_params
                0x3ffe9f28                chip6_phy_init_ctrl
                0x3ffe9f9c                phy_freq_offset
                0x3ffe9f9e                do_pwctrl_flag
                0x3ffe9f9f                pwctrl_debug
                0x3ffe9fa0                txbk_dpdby_flag
                0x3ffe9fa2                sw_scan_mode
                0x3ffe9fa3                rxmax_ext_level
                0x3ffe9fb4                periodic_cal_dc_num
                0x3ffe9fb8                periodic_cal_flag
                0x3ffe9fb9                bbpll_cal_flag
                0x3ffe9fba                phy_in_most_power
                0x3ffe9fbb                txpwr_adjust_quick
                0x3ffe9fbc                rtc_mem_check_fail
                0x3ffe9fc0                test_print_time
                0x3ffe9fc4                phy_in_vdd33_offset
                0x3ffe9fc5                phy_set_most_tpw_disbg
                0x3ffe9fc6                phy_set_most_tpw_index
                0x3ffe9fc8                adc_rand_noise
                0x3ffe9fcc                dpd_bypass_original
                0x3ffe9fd0                noise_array
 *fill*         0x3ffea0e3        0x1 
 .bss           0x3ffea0e4        0x6 c:/Espressif/ESP8266_SDK/lib\libphy.a(phy_chip_v6_cal.o)
                0x3ffea0e4                loop_pwctrl_pwdet_error_accum_high_power
                0x3ffea0e6                tx_pwctrl_pk_num
                0x3ffea0e7                loop_pwctrl_correct_atten_high_power
                0x3ffea0e8                tx_pwctrl_set_chan_flag
                0x3ffea0e9                rxiq_cover_fail_num
 *fill*         0x3ffea0ea        0x2 
 .bss           0x3ffea0ec        0x7 c:/Espressif/ESP8266_SDK/lib\libphy.a(phy_sleep.o)
                0x3ffea0ec                periodic_cal_sat
                0x3ffea0ee                lslp_mem_opt_8266
                0x3ffea0f0                software_slp_reject
                0x3ffea0f1                SDIO_slp_reject
                0x3ffea0f2                hardware_reject
 *fill*         0x3ffea0f3        0xd 
 .bss           0x3ffea100       0x30 c:/Espressif/ESP8266_SDK/lib\libpp.a(if_hwctrl.o)
                0x3ffea100                interface_mask
                0x3ffea110                if_ctrl
 .bss           0x3ffea130      0x150 c:/Espressif/ESP8266_SDK/lib\libpp.a(lmac.o)
                0x3ffea134                lmacConfMib
 .bss           0x3ffea280      0x11a c:/Espressif/ESP8266_SDK/lib\libpp.a(pm.o)
                0x3ffea280                pmc
 *fill*         0x3ffea39a        0x2 
 .bss           0x3ffea39c       0x30 c:/Espressif/ESP8266_SDK/lib\libpp.a(pm_for_bcn_only_mode.o)
 *fill*         0x3ffea3cc        0x4 
 .bss           0x3ffea3d0      0x2e2 c:/Espressif/ESP8266_SDK/lib\libpp.a(pp.o)
                0x3ffea3e8                pend_flag_noise_check
                0x3ffea3f0                pend_flag_periodic_cal
                0x3ffea408                idle_timer_reopen_flag
                0x3ffea409                dbg_stop_sw_wdt
                0x3ffea40a                dbg_stop_hw_wdt
                0x3ffea40c                DefFreqCalTimer
                0x3ffea420                HighestFreqOffsetInOneChk
                0x3ffea422                LowestFreqOffsetInOneChk
 *fill*         0x3ffea6b2        0xe 
 .bss           0x3ffea6c0      0x100 c:/Espressif/ESP8266_SDK/lib\libpp.a(rate_control.o)
 .bss           0x3ffea7c0      0x46c c:/Espressif/ESP8266_SDK/lib\libpp.a(trc.o)
 *fill*         0x3ffeac2c        0x4 
 .bss           0x3ffeac30     0x2f68 c:/Espressif/ESP8266_SDK/lib\libpp.a(wdev.o)
                0x3ffeac30                wDevCtrl
                0x3ffeadd8                WdevTimOffSet
 *fill*         0x3ffedb98        0x8 
 .bss           0x3ffedba0     0x1294 c:/Espressif/ESP8266_SDK/lib\libpp.a(esf_buf.o)
 .bss           0x3ffeee34      0x548 c:/Espressif/ESP8266_SDK/lib\libnet80211.a(ieee80211.o)
                0x3ffeee34                g_ic
 .bss           0x3ffef37c       0x40 c:/Espressif/ESP8266_SDK/lib\libnet80211.a(ieee80211_hostap.o)
                0x3ffef37c                BcnEb_update
                0x3ffef3a0                PendFreeBcnEb
                0x3ffef3a4                ApFreqCalTimer
 .bss           0x3ffef3bc       0xc8 c:/Espressif/ESP8266_SDK/lib\libnet80211.a(ieee80211_scan.o)
                0x3ffef3bc                gScanStruct
                0x3ffef468                connect_scan_flag
                0x3ffef469                FreqCalCntForScan
                0x3ffef46a                TestStaFreqCalValInput
                0x3ffef46c                auth_type
                0x3ffef46e                scannum
 *fill*         0x3ffef484        0x4 
 .bss           0x3ffef488       0x10 c:/Espressif/ESP8266_SDK/lib\libnet80211.a(ieee80211_sta.o)
 .bss           0x3ffef498       0x3c c:/Espressif/ESP8266_SDK/lib\libnet80211.a(wl_chm.o)
 *fill*         0x3ffef4d4        0x4 
 .bss           0x3ffef4d8      0x378 c:/Espressif/ESP8266_SDK/lib\libnet80211.a(wl_cnx.o)
                0x3ffef838                sta_con_timer
                0x3ffef84c                g_cnx_probe_rc_list_cb
 .bss           0x3ffef850       0x10 c:/Espressif/ESP8266_SDK/lib\libnet80211.a(ieee80211_action_vendor.o)
 .bss           0x3ffef860       0x38 c:/Espressif/ESP8266_SDK/lib\liblwip.a(dhcp.o)
                0x3ffef860                dhcp_rx_options_given
                0x3ffef870                dhcp_rx_options_val
 .bss           0x3ffef898       0x24 c:/Espressif/ESP8266_SDK/lib\liblwip.a(dhcpserver.o)
                0x3ffef8a8                s
 *fill*         0x3ffef8bc        0x4 
 .bss           0x3ffef8c0      0x480 c:/Espressif/ESP8266_SDK/lib\liblwip.a(dns.o)
 .bss           0x3ffefd40       0x78 c:/Espressif/ESP8266_SDK/lib\liblwip.a(espconn_tcp.o)
                0x3ffefd40                espconn_TaskQueue
 *fill*         0x3ffefdb8        0x8 
 .bss           0x3ffefdc0      0x100 c:/Espressif/ESP8266_SDK/lib\liblwip.a(etharp.o)
                0x3ffefdc4                ethzero
 .bss           0x3ffefec0       0x10 c:/Espressif/ESP8266_SDK/lib\liblwip.a(ip_addr.o)
 .bss           0x3ffefed0       0x12 c:/Espressif/ESP8266_SDK/lib\liblwip.a(ip.o)
                0x3ffefed0                current_iphdr_dest
                0x3ffefed4                current_iphdr_src
                0x3ffefed8                current_netif
                0x3ffefedc                current_header
 *fill*         0x3ffefee2        0x2 
 .bss           0x3ffefee4        0x9 c:/Espressif/ESP8266_SDK/lib\liblwip.a(netif.o)
                0x3ffefee4                netif_list
                0x3ffefee8                netif_default
 *fill*         0x3ffefeed        0x3 
 .bss           0x3ffefef0        0x4 c:/Espressif/ESP8266_SDK/lib\liblwip.a(raw.o)
 .bss           0x3ffefef4       0x34 c:/Espressif/ESP8266_SDK/lib\liblwip.a(tcp_in.o)
                0x3ffeff24                tcp_input_pcb
 .bss           0x3ffeff28       0x1c c:/Espressif/ESP8266_SDK/lib\liblwip.a(tcp.o)
                0x3ffeff2c                tcp_active_pcbs
                0x3ffeff30                tcp_tmp_pcb
                0x3ffeff34                tcp_tw_pcbs
                0x3ffeff38                tcp_bound_pcbs
                0x3ffeff3c                tcp_listen_pcbs
                0x3ffeff40                tcp_ticks
 .bss           0x3ffeff44        0xc c:/Espressif/ESP8266_SDK/lib\liblwip.a(timers.o)
 .bss           0x3ffeff50        0x4 c:/Espressif/ESP8266_SDK/lib\liblwip.a(udp.o)
                0x3ffeff50                udp_pcbs
 *fill*         0x3ffeff54        0xc 
 .bss           0x3ffeff60      0x104 c:/Espressif/ESP8266_SDK/lib\liblwip.a(espconn.o)
                0x3ffeff60                plink_active
                0x3ffeff64                pserver_list
                0x3ffeff70                premot
                0x3fff0030                pktinfo
 .bss           0x3fff0064        0xc c:/Espressif/ESP8266_SDK/lib\liblwip.a(igmp.o)
 .bss           0x3fff0070      0x26a c:/Espressif/ESP8266_SDK/lib\libwpa.a(wpa.o)
 *fill*         0x3fff02da        0x6 
 .bss           0x3fff02e0        0x8 c:/Espressif/ESP8266_SDK/lib\libnet80211.a(ieee80211_crypto_tkip.o)
 *(.bss.*)
 .bss._ZL5ESP01
                0x3fff02e8       0x30 d:/ESP8266/Sming/Sming/compiler/lib/\libsming.a(user_main.o)
 .bss._ZL11INADDR_NONE
                0x3fff0318        0x8 d:/ESP8266/Sming/Sming/compiler/lib/\libsming.a(user_main.o)
 .bss.System    0x3fff0320       0x2c d:/ESP8266/Sming/Sming/compiler/lib/\libsming.a(System.o)
                0x3fff0320                System
 .bss.spiffs_cache
                0x3fff034c      0x480 d:/ESP8266/Sming/Sming/compiler/lib/\libsming.a(spiffs.o)
 .bss.spiffs_fds
                0x3fff07cc       0xe0 d:/ESP8266/Sming/Sming/compiler/lib/\libsming.a(spiffs.o)
 .bss.spiffs_work_buf
                0x3fff08ac      0x200 d:/ESP8266/Sming/Sming/compiler/lib/\libsming.a(spiffs.o)
 .bss._ZL5ESP01
                0x3fff0aac       0x30 d:/ESP8266/Sming/Sming/compiler/lib/\libsming.a(m_printf.o)
 .bss._ZL11INADDR_NONE
                0x3fff0adc        0x8 d:/ESP8266/Sming/Sming/compiler/lib/\libsming.a(m_printf.o)
 .bss._ZL5ESP01
                0x3fff0ae4       0x30 d:/ESP8266/Sming/Sming/compiler/lib/\libsming.a(IPAddress.o)
 .bss._ZL11INADDR_NONE
                0x3fff0b14        0x8 d:/ESP8266/Sming/Sming/compiler/lib/\libsming.a(Print.o)
 .bss._ZZN6StringixEjE19dummy_writable_char
                0x3fff0b1c        0x1 d:/ESP8266/Sming/Sming/compiler/lib/\libsming.a(WString.o)
 *fill*         0x3fff0b1d        0x3 
 .bss._ZL11INADDR_NONE
                0x3fff0b20        0x8 d:/ESP8266/Sming/Sming/compiler/lib/\libsming.a(WString.o)
 .bss._gpioInterruptsInitialied
                0x3fff0b28        0x1 d:/ESP8266/Sming/Sming/compiler/lib/\libsming.a(Interrupts.o)
                0x3fff0b28                _gpioInterruptsInitialied
 *fill*         0x3fff0b29        0x3 
 .bss._delegateFunctionList
                0x3fff0b2c       0x40 d:/ESP8266/Sming/Sming/compiler/lib/\libsming.a(Interrupts.o)
                0x3fff0b2c                _delegateFunctionList
 .bss._gpioInterruptsList
                0x3fff0b6c       0x40 d:/ESP8266/Sming/Sming/compiler/lib/\libsming.a(Interrupts.o)
                0x3fff0b6c                _gpioInterruptsList
 .bss._ZL11INADDR_NONE
                0x3fff0bac        0x8 d:/ESP8266/Sming/Sming/compiler/lib/\libsming.a(Interrupts.o)
 .bss._ZL11INADDR_NONE
                0x3fff0bb4        0x8 d:/ESP8266/Sming/Sming/compiler/lib/\libsming.a(Digital.o)
 .bss.mqtt      0x3fff0bbc      0x4a8 out/build/app_app.a(application.o)
                0x3fff0bbc                mqtt
 .bss.otaUpdater
                0x3fff1064        0x4 out/build/app_app.a(application.o)
                0x3fff1064                otaUpdater
 .bss.mqttClientID
                0x3fff1068        0xf out/build/app_app.a(application.o)
                0x3fff1068                mqttClientID
 .bss.errorCode
                0x3fff1077        0x1 out/build/app_app.a(application.o)
                0x3fff1077                errorCode
 .bss.otaCount  0x3fff1078        0x4 out/build/app_app.a(application.o)
                0x3fff1078                otaCount
 .bss.otaPress  0x3fff107c        0x1 out/build/app_app.a(application.o)
                0x3fff107c                otaPress
 .bss.otaInt    0x3fff107d        0x1 out/build/app_app.a(application.o)
                0x3fff107d                otaInt
 *fill*         0x3fff107e        0x2 
 .bss.ntpC      0x3fff1080        0x4 out/build/app_app.a(application.o)
                0x3fff1080                ntpC
 *fill*         0x3fff1084        0x4 
 .bss.pubTimer  0x3fff1088       0x30 out/build/app_app.a(application.o)
                0x3fff1088                pubTimer
 .bss.timeTimer
                0x3fff10b8       0x30 out/build/app_app.a(application.o)
                0x3fff10b8                timeTimer
 .bss.buttonTimer
                0x3fff10e8       0x30 out/build/app_app.a(application.o)
                0x3fff10e8                buttonTimer
 .bss.procTimer
                0x3fff1118       0x30 out/build/app_app.a(application.o)
                0x3fff1118                procTimer
 .bss._ZL5ESP01
                0x3fff1148       0x30 out/build/app_app.a(application.o)
 .bss._ZL11INADDR_NONE
                0x3fff1178        0x8 out/build/app_app.a(application.o)
 .bss.Serial    0x3fff1180       0x14 d:/ESP8266/Sming/Sming/compiler/lib/\libsming.a(HardwareSerial.o)
                0x3fff1180                Serial
 .bss._ZN14HardwareSerial10memberDataE
                0x3fff1194       0x18 d:/ESP8266/Sming/Sming/compiler/lib/\libsming.a(HardwareSerial.o)
                0x3fff1194                HardwareSerial::memberData
 .bss._ZL11INADDR_NONE
                0x3fff11ac        0x8 d:/ESP8266/Sming/Sming/compiler/lib/\libsming.a(HardwareSerial.o)
 *fill*         0x3fff11b4        0x4 
 .bss.SystemClock
                0x3fff11b8       0x18 d:/ESP8266/Sming/Sming/compiler/lib/\libsming.a(SystemClock.o)
                0x3fff11b8                SystemClock
 .bss._ZL11INADDR_NONE
                0x3fff11d0        0x8 d:/ESP8266/Sming/Sming/compiler/lib/\libsming.a(SystemClock.o)
 .bss._ZL5ESP01
                0x3fff11d8       0x30 d:/ESP8266/Sming/Sming/compiler/lib/\libsming.a(MqttClient.o)
 .bss._ZL11INADDR_NONE
                0x3fff1208        0x8 d:/ESP8266/Sming/Sming/compiler/lib/\libsming.a(MqttClient.o)
 .bss._ZL11INADDR_NONE
                0x3fff1210        0x8 d:/ESP8266/Sming/Sming/compiler/lib/\libsming.a(NtpClient.o)
 .bss._ZL11INADDR_NONE
                0x3fff1218        0x8 d:/ESP8266/Sming/Sming/compiler/lib/\libsming.a(TcpClient.o)
 .bss._ZL11INADDR_NONE
                0x3fff1220        0x8 d:/ESP8266/Sming/Sming/compiler/lib/\libsming.a(TcpConnection.o)
 .bss._ZL11INADDR_NONE
                0x3fff1228        0x8 d:/ESP8266/Sming/Sming/compiler/lib/\libsming.a(UdpConnection.o)
 .bss._ZL11INADDR_NONE
                0x3fff1230        0x8 d:/ESP8266/Sming/Sming/compiler/lib/\libsming.a(rBootHttpUpdate.o)
 .bss.RTC       0x3fff1238        0x1 d:/ESP8266/Sming/Sming/compiler/lib/\libsming.a(RTC.o)
                0x3fff1238                RTC
 *fill*         0x3fff1239        0x3 
 .bss.WifiStation
                0x3fff123c       0x20 d:/ESP8266/Sming/Sming/compiler/lib/\libsming.a(Station.o)
                0x3fff123c                WifiStation
 .bss._ZL5ESP01
                0x3fff125c       0x30 d:/ESP8266/Sming/Sming/compiler/lib/\libsming.a(Station.o)
 .bss._ZL11INADDR_NONE
                0x3fff128c        0x8 d:/ESP8266/Sming/Sming/compiler/lib/\libsming.a(Station.o)
 .bss.WDT       0x3fff1294        0x8 d:/ESP8266/Sming/Sming/compiler/lib/\libsming.a(WDT.o)
                0x3fff1294                WDT
 .bss._ZL11INADDR_NONE
                0x3fff129c        0x8 d:/ESP8266/Sming/Sming/compiler/lib/\libsming.a(CommandExecutor.o)
 .bss.commandHandler
                0x3fff12a4        0x4 d:/ESP8266/Sming/Sming/compiler/lib/\libsming.a(CommandHandler.o)
                0x3fff12a4                commandHandler
 .bss._ZL11INADDR_NONE
                0x3fff12a8        0x8 d:/ESP8266/Sming/Sming/compiler/lib/\libsming.a(CommandHandler.o)
 .bss._ZL11INADDR_NONE
                0x3fff12b0        0x8 d:/ESP8266/Sming/Sming/compiler/lib/\libsming.a(CommandOutput.o)
 .bss._ZL5ESP01
                0x3fff12b8       0x30 d:/ESP8266/Sming/Sming/compiler/lib/\libsming.a(DateTime.o)
 .bss._ZL11INADDR_NONE
                0x3fff12e8        0x8 d:/ESP8266/Sming/Sming/compiler/lib/\libsming.a(DateTime.o)
 .bss._ZL11INADDR_NONE
                0x3fff12f0        0x8 d:/ESP8266/Sming/Sming/compiler/lib/\libsming.a(Clock.o)
 .bss._ZL11INADDR_NONE
                0x3fff12f8        0x8 d:/ESP8266/Sming/Sming/compiler/lib/\libsming.a(DataSourceStream.o)
 .bss._ZL5ESP01
                0x3fff1300       0x30 d:/ESP8266/Sming/Sming/compiler/lib/\libsming.a(HttpClient.o)
 .bss._ZL11INADDR_NONE
                0x3fff1330        0x8 d:/ESP8266/Sming/Sming/compiler/lib/\libsming.a(HttpClient.o)
 .bss._ZN11ArduinoJson11JsonVariant8_invalidE
                0x3fff1338       0x10 d:/ESP8266/Sming/Sming/compiler/lib/\libsming.a(ArduinoJson.o)
                0x3fff1338                ArduinoJson::JsonVariant::_invalid
 .bss._ZN11ArduinoJson10JsonObject8_invalidE
                0x3fff1348        0x8 d:/ESP8266/Sming/Sming/compiler/lib/\libsming.a(ArduinoJson.o)
                0x3fff1348                ArduinoJson::JsonObject::_invalid
 .bss._ZN11ArduinoJson17JsonStringStorage8_invalidE
                0x3fff1350        0x8 d:/ESP8266/Sming/Sming/compiler/lib/\libsming.a(ArduinoJson.o)
                0x3fff1350                ArduinoJson::JsonStringStorage::_invalid
 .bss._ZN11ArduinoJson9JsonArray8_invalidE
                0x3fff1358        0x8 d:/ESP8266/Sming/Sming/compiler/lib/\libsming.a(ArduinoJson.o)
                0x3fff1358                ArduinoJson::JsonArray::_invalid
 .bss._ZL11INADDR_NONE
                0x3fff1360        0x8 d:/ESP8266/Sming/Sming/compiler/lib/\libsming.a(CommandDelegate.o)
 *(.gnu.linkonce.b.*)
 *(COMMON)
 COMMON         0x3fff1368       0x64 d:/ESP8266/Sming/Sming/compiler/lib/\libsming.a(spiffs.o)
                0x3fff1368                _filesystemStorageHandle
                0x3fff13d0                . = ALIGN (0x8)
 *fill*         0x3fff13cc        0x4 
                0x3fff13d0                _bss_end = ABSOLUTE (.)
                0x3fff13d0                _heap_start = ABSOLUTE (.)

.irom0.text     0x40282010    0x364e4
                0x40282010                _irom0_text_start = ABSOLUTE (.)
 *(.irom0.literal .irom.literal .irom.text.literal .irom0.text .irom.text)
 .irom0.text    0x40282010      0x769 out/build\libmain2.a(app_main.o)
                                0x8d5 (size before relaxing)
                0x402821f8                wdt_init
                0x40282284                user_uart_wait_tx_fifo_empty
                0x40282350                user_rf_pre_init
 *fill*         0x40282779        0x3 
 .irom0.text    0x4028277c      0x186 out/build\libmain2.a(ets_timer.o)
                                0x1b2 (size before relaxing)
                0x40282784                ets_timer_done
                0x402827d0                ets_timer_handler_isr
                0x402828a0                ets_timer_init
 *fill*         0x40282902        0x2 
 .irom0.text    0x40282904       0x4e out/build\libmain2.a(mem_manager.o)
                                 0x52 (size before relaxing)
                0x40282908                xPortGetFreeHeapSize
                0x40282910                vPortInitialiseBlocks
 *fill*         0x40282952        0x2 
 .irom0.text    0x40282954     0x2b59 out/build\libmain2.a(user_interface.o)
                               0x3399 (size before relaxing)
                0x40282958                system_set_os_print
                0x40282968                system_get_os_print
                0x40282b30                system_pp_recycle_rx_pkt
                0x40282b44                system_adc_read
                0x40282b5c                system_get_vdd33
                0x40282b88                system_restart_local
                0x40282c5c                system_restart
                0x40282cb4                system_restore
                0x40282d10                system_get_flash_size_map
                0x40282d30                system_get_boot_version
                0x40282d68                system_get_test_result
                0x40282d90                system_get_userbin_addr
                0x40282e28                system_get_boot_mode
                0x40282e58                system_restart_enhance
                0x40282f88                system_upgrade_userbin_set
                0x40282fd4                system_upgrade_userbin_check
                0x40283014                system_upgrade_flag_set
                0x40283028                system_upgrade_flag_check
                0x40283050                system_upgrade_reboot
                0x40283160                system_deep_sleep
                0x402831c0                system_deep_sleep_set_option
                0x402831dc                system_phy_temperature_alert
                0x402831f0                system_phy_set_max_tpw
                0x40283204                system_phy_set_tpw_via_vdd33
                0x40283218                system_phy_set_rfoption
                0x40283230                system_update_cpu_freq
                0x4028328c                system_get_cpu_freq
                0x402832a4                system_overclock
                0x402832d0                system_restoreclock
                0x40283300                system_timer_reinit
                0x40283318                system_relative_time
                0x40283338                system_station_got_ip_set
                0x40283440                system_print_meminfo
                0x402834a0                system_get_free_heap_size
                0x402834b8                system_get_chip_id
                0x402834dc                system_rtc_clock_cali_proc
                0x402834f0                system_get_rtc_time
                0x40283504                system_mktime
                0x402835d4                system_init_done_cb
                0x402835dc                system_get_rst_info
                0x402835e4                system_get_data_of_array_8
                0x40283608                system_get_data_of_array_16
                0x40283634                system_get_string_from_flash
                0x402836a0                wifi_softap_dhcps_start
                0x402836e8                wifi_softap_dhcps_stop
                0x40283728                wifi_softap_dhcps_status
                0x40283730                wifi_station_dhcpc_start
                0x40283788                wifi_station_dhcpc_stop
                0x402837c8                wifi_station_dhcpc_status
                0x40283834                wifi_get_opmode
                0x40283848                wifi_get_opmode_default
                0x402838c4                wifi_get_broadcast_if
                0x40283900                wifi_set_broadcast_if
                0x40283a10                wifi_set_opmode
                0x40283a24                wifi_set_opmode_current
                0x40283a38                system_get_checksum
                0x40283a78                wifi_param_save_protect_with_check
                0x40283b00                system_param_save_with_protect
                0x40283ba8                system_save_sys_param
                0x40283bd4                system_param_load
                0x40283d00                wifi_station_get_config
                0x40283d14                wifi_station_get_config_default
                0x40283d34                wifi_station_get_ap_info
                0x40283dec                wifi_station_ap_number_set
                0x40284090                wifi_station_set_config
                0x402840a4                wifi_station_set_config_current
                0x402840b8                wifi_station_get_current_ap_id
                0x402840cc                wifi_station_ap_check
                0x40284104                wifi_station_ap_change
                0x402841f8                wifi_station_scan
                0x40284244                wifi_station_get_auto_connect
                0x40284258                wifi_station_set_auto_connect
                0x402842ac                wifi_station_connect
                0x40284340                wifi_station_disconnect
                0x40284400                wifi_station_get_connect_status
                0x40284430                wifi_station_set_reconnect_policy
                0x40284448                wifi_station_get_reconnect_policy
                0x40284450                wifi_station_get_rssi
                0x40284498                wifi_station_set_default_hostname
                0x402844f0                wifi_station_get_hostname
                0x40284518                wifi_station_set_hostname
                0x402845a4                wifi_softap_cacl_mac
                0x40284610                wifi_softap_set_default_ssid
                0x402847d8                wifi_softap_get_config
                0x402847ec                wifi_softap_get_config_default
                0x40284a54                wifi_softap_set_config
                0x40284a68                wifi_softap_set_config_current
                0x40284a7c                wifi_softap_set_station_info
                0x40284ae4                wifi_softap_get_station_info
                0x40284b8c                wifi_softap_free_station_info
                0x40284bc8                wifi_softap_get_station_num
                0x40284c1c                wifi_softap_deauth
                0x40284ccc                wifi_softap_get_beacon_only_mode
                0x40284ce0                wifi_softap_set_beacon_only_mode
                0x40284d48                wifi_set_user_ie
                0x40284db8                wifi_get_user_ie
                0x40284dc8                wifi_get_phy_mode
                0x40284dd0                wifi_set_phy_mode
                0x40284e98                wifi_set_sleep_type
                0x40284eb4                wifi_get_sleep_type
                0x40284ecc                wifi_get_channel
                0x40284ee4                wifi_set_channel
                0x40284f28                wifi_promiscuous_set_mac
                0x40284f88                wifi_promiscuous_enable
                0x4028506c                wifi_set_promiscuous_rx_cb
                0x4028507c                wifi_get_ip_info
                0x402850fc                wifi_set_ip_info
                0x40285170                wifi_get_macaddr
                0x402851d0                wifi_set_macaddr
                0x402852b8                wifi_enable_6m_rate
                0x402852c0                wifi_get_user_fixed_rate
                0x402852e0                wifi_set_user_fixed_rate
                0x40285300                wifi_send_pkt_freedom
                0x40285358                wifi_status_led_install
                0x4028538c                wifi_status_led_uninstall
                0x402853b0                wifi_set_status_led_output_level
                0x402853c4                wifi_set_event_handler_cb
                0x402853d4                system_os_task
                0x40285414                system_uart_swap
                0x40285474                system_uart_de_swap
                0x402854a8                system_get_sdk_version
 *fill*         0x402854ad        0x3 
 .irom0.text    0x402854b0      0x5eb out/build\libmain2.a(eagle_lib.o)
                                0x5fb (size before relaxing)
                0x402854b4                divide
                0x402854f0                skip_atoi
                0x40285670                ets_vsnprintf
                0x402859d0                ets_vsprintf
                0x402859f4                ets_sprintf
                0x40285a1c                ets_strcat
                0x40285a3c                ets_strrchr
                0x40285a68                ets_strchr
                0x40285a80                bit_popcount
 *fill*         0x40285a9b        0x1 
 .irom0.text    0x40285a9c      0x2c6 out/build\libmain2.a(eagle_lwip_if.o)
                                0x366 (size before relaxing)
                0x40285b4c                eagle_lwip_if_alloc
                0x40285ce4                eagle_lwip_if_free
                0x40285d40                eagle_lwip_getif
 *fill*         0x40285d62        0x2 
 .irom0.text    0x40285d64      0x1ef out/build/app_app.a(rboot-api.o)
                                0x237 (size before relaxing)
                0x40285d68                rboot_get_config
                0x40285d98                rboot_set_config
                0x40285e00                rboot_get_current_rom
                0x40285e14                rboot_set_current_rom
                0x40285e54                rboot_write_init
                0x40285e80                rboot_write_flash
 *fill*         0x40285f53        0x1 
 .irom0.literal
                0x40285f54        0x0 d:/ESP8266/Sming/Sming/compiler/lib/\libmicroc.a(sprintf.o)
                                  0x4 (size before relaxing)
 .irom0.literal
                0x40285f54        0x0 d:/ESP8266/Sming/Sming/compiler/lib/\libmicroc.a(vsprintf.o)
                                  0x4 (size before relaxing)
 .irom0.literal
                0x40285f54        0x0 d:/ESP8266/Sming/Sming/compiler/lib/\libmicroc.a(atof.o)
                                  0x4 (size before relaxing)
 .irom0.literal
                0x40285f54        0x4 d:/ESP8266/Sming/Sming/compiler/lib/\libmicroc.a(strtod.o)
                                 0x10 (size before relaxing)
 .irom0.literal
                0x40285f58        0x0 d:/ESP8266/Sming/Sming/compiler/lib/\libmicroc.a(strchr.o)
                                  0x4 (size before relaxing)
 .irom0.literal
                0x40285f58        0xc d:/ESP8266/Sming/Sming/compiler/lib/\libmicroc.a(strchrnul.o)
 .irom0.literal
                0x40285f64        0x4 d:/ESP8266/Sming/Sming/compiler/lib/\libmicroc.a(malloc.o)
                                 0x14 (size before relaxing)
 .irom0.literal
                0x40285f68        0x4 d:/ESP8266/Sming/Sming/compiler/lib/\libmicroc.a(abort.o)
                                  0x8 (size before relaxing)
 .irom0.literal
                0x40285f6c       0xac d:/ESP8266/Sming/Sming/compiler/lib/\libmicroc.a(floatscan.o)
                                0x294 (size before relaxing)
 .irom0.literal
                0x40286018        0x0 d:/ESP8266/Sming/Sming/compiler/lib/\libmicroc.a(shgetc.o)
                                  0x4 (size before relaxing)
 .irom0.literal
                0x40286018        0x0 d:/ESP8266/Sming/Sming/compiler/lib/\libmicroc.a(__uflow.o)
                                  0x4 (size before relaxing)
 .irom0.literal
                0x40286018        0x0 d:/ESP8266/Sming/Sming/compiler/lib/\libmicroc.a(__toread.o)
                                  0x4 (size before relaxing)
 .irom0.literal
                0x40286018        0x0 d:/ESP8266/Sming/Sming/compiler/lib/\libmicroc.a(fmodl.o)
                                  0x4 (size before relaxing)
 .irom0.literal
                0x40286018        0x4 d:/ESP8266/Sming/Sming/compiler/lib/\libmicroc.a(scalbn.o)
                                 0x24 (size before relaxing)
 .irom0.literal
                0x4028601c        0x0 d:/ESP8266/Sming/Sming/compiler/lib/\libmicroc.a(scalbnl.o)
                                  0x4 (size before relaxing)
 .irom0.literal
                0x4028601c        0x4 d:/ESP8266/Sming/Sming/compiler/lib/\libmicroc.a(__errno_location.o)
 .irom0.literal
                0x40286020       0x18 d:/ESP8266/Sming/Sming/compiler/lib/\libmicroc.a(fmod.o)
                                 0x38 (size before relaxing)
 .irom0.literal
                0x40286038        0x4 d:/ESP8266/Sming/Sming/compiler/lib/\libmicrogcc.a(_divsf3.o)
                                 0x10 (size before relaxing)
 .irom0.text    0x4028603c       0x28 d:/ESP8266/Sming/Sming/compiler/lib/\libmicroc.a(sprintf.o)
                0x4028603c                sprintf
 .irom0.text    0x40286064        0xf d:/ESP8266/Sming/Sming/compiler/lib/\libmicroc.a(vsprintf.o)
                                 0x13 (size before relaxing)
                0x40286064                vsprintf
 *fill*         0x40286073        0x1 
 .irom0.text    0x40286074       0x14 d:/ESP8266/Sming/Sming/compiler/lib/\libmicroc.a(atof.o)
                0x40286074                atof
 .irom0.text    0x40286088       0xad d:/ESP8266/Sming/Sming/compiler/lib/\libmicroc.a(strtod.o)
                                 0xb1 (size before relaxing)
                0x402860f4                strtof
                0x40286110                strtod
                0x40286124                strtold
 *fill*         0x40286135        0x3 
 .irom0.text    0x40286138       0x25 d:/ESP8266/Sming/Sming/compiler/lib/\libmicroc.a(strchr.o)
                                 0x29 (size before relaxing)
                0x40286138                strchr
 *fill*         0x4028615d        0x3 
 .irom0.text    0x40286160       0x75 d:/ESP8266/Sming/Sming/compiler/lib/\libmicroc.a(strchrnul.o)
                0x40286160                strchrnul
                0x40286160                __strchrnul
 *fill*         0x402861d5        0x3 
 .irom0.text    0x402861d8       0x65 d:/ESP8266/Sming/Sming/compiler/lib/\libmicroc.a(malloc.o)
                0x402861d8                malloc
                0x402861ec                free
                0x40286200                realloc
                0x40286214                zalloc
                0x40286228                calloc
 *fill*         0x4028623d        0x3 
 .irom0.text    0x40286240       0x11 d:/ESP8266/Sming/Sming/compiler/lib/\libmicroc.a(abort.o)
                0x40286240                abort
 *fill*         0x40286251        0x3 
 .irom0.text    0x40286254     0x12e0 d:/ESP8266/Sming/Sming/compiler/lib/\libmicroc.a(floatscan.o)
                               0x1320 (size before relaxing)
                0x40286d64                __floatscan
 .irom0.text    0x40287534       0x95 d:/ESP8266/Sming/Sming/compiler/lib/\libmicroc.a(shgetc.o)
                0x40287534                __shlim
                0x40287554                __shgetc
 *fill*         0x402875c9        0x3 
 .irom0.text    0x402875cc       0x39 d:/ESP8266/Sming/Sming/compiler/lib/\libmicroc.a(__uflow.o)
                0x402875cc                __uflow
 *fill*         0x40287605        0x3 
 .irom0.text    0x40287608       0x67 d:/ESP8266/Sming/Sming/compiler/lib/\libmicroc.a(__toread.o)
                                 0x6b (size before relaxing)
                0x40287608                __toread
                0x40287660                __toread_needs_stdio_exit
 *fill*         0x4028766f        0x1 
 .irom0.text    0x40287670        0xf d:/ESP8266/Sming/Sming/compiler/lib/\libmicroc.a(fmodl.o)
                                 0x13 (size before relaxing)
                0x40287670                fmodl
 *fill*         0x4028767f        0x1 
 .irom0.text    0x40287680       0x8f d:/ESP8266/Sming/Sming/compiler/lib/\libmicroc.a(scalbn.o)
                0x40287680                scalbn
 *fill*         0x4028770f        0x1 
 .irom0.text    0x40287710        0xf d:/ESP8266/Sming/Sming/compiler/lib/\libmicroc.a(scalbnl.o)
                                 0x13 (size before relaxing)
                0x40287710                scalbnl
 *fill*         0x4028771f        0x1 
 .irom0.text    0x40287720        0x5 d:/ESP8266/Sming/Sming/compiler/lib/\libmicroc.a(__errno_location.o)
                0x40287720                __errno_location
 *fill*         0x40287725        0x3 
 .irom0.text    0x40287728      0x1e9 d:/ESP8266/Sming/Sming/compiler/lib/\libmicroc.a(fmod.o)
                0x40287728                fmod
 *fill*         0x40287911        0x3 
 .irom0.text    0x40287914       0xfa c:/Espressif/ESP8266_SDK/lib\libphy.a(phy.o)
                                0x11e (size before relaxing)
                0x40287918                rf_init
                0x40287934                bb_init
                0x4028794c                phy_init
                0x4028797c                RFChannelSel
                0x40287998                phy_delete_channel
                0x402879b0                phy_enable_agc
                0x402879c8                phy_disable_agc
                0x402879e0                phy_initialize_bb
                0x402879f8                phy_set_sense
 *fill*         0x40287a0e        0x2 
 .irom0.text    0x40287a10     0x174f c:/Espressif/ESP8266_SDK/lib\libphy.a(phy_chip_v6_ana.o)
                               0x193f (size before relaxing)
                0x40287a14                ram_pbus_set_rxgain
                0x40287af0                ram_pbus_debugmode
                0x40287ba4                ram_pbus_xpd_tx_on
                0x40287c10                set_rf_freq_offset
                0x40287c80                chip_v6_rxmax_ext_ana
                0x40287dd4                ram_chip_v6_rx_init
                0x40287e08                tsen_meas
                0x40287eb8                readvdd33
                0x40288084                txpwr_offset
                0x40288140                set_txcap_reg
                0x402881c0                ram_ana_inf_gating_en
                0x40288320                ram_restart_cal
                0x4028838c                wait_rfpll_cal_end
                0x4028840c                ram_rfpll_set_freq
                0x40288518                ram_set_channel_freq
                0x40288818                chip_60_set_channel
                0x402889e0                chip_v6_set_chan_offset
                0x40288a24                chip_v6_set_chan
                0x40288ac4                chip_v6_set_chan_wakeup
                0x40288b40                chip_v6_rf_init
                0x40288d4c                low_power_set
                0x40288da0                test_tout
                0x40288f18                check_data_flag
                0x40288f3c                phy_get_check_flag
                0x402890ac                phy_get_vdd33
 *fill*         0x4028915f        0x1 
 .irom0.text    0x40289160     0x3aee c:/Espressif/ESP8266_SDK/lib\libphy.a(phy_chip_v6.o)
                               0x4106 (size before relaxing)
                0x40289160                ram_tx_mac_enable
                0x40289164                rtc_mem_backup
                0x40289194                rtc_mem_recovery
                0x402891c4                set_cal_rxdc
                0x40289278                set_rx_gain_cal_iq
                0x402895d0                gen_rx_gain_table
                0x40289710                pbus_set_rxbbgain
                0x40289790                set_rx_gain_testchip_50
                0x40289acc                ram_get_corr_power
                0x40289bbc                check_data_func
                0x40289bdc                do_noisefloor_lsleep_v50
                0x40289c10                do_noisefloor
                0x40289c80                start_dig_rx
                0x40289cc4                stop_dig_rx
                0x40289cf0                chip_v6_set_chanfreq
                0x40289d28                tx_cap_init
                0x40289ee0                target_power_add_backoff
                0x40289f30                tx_pwctrl_init_cal
                0x4028a098                tx_atten_set_interp
                0x4028a310                tx_pwctrl_init
                0x4028a404                ram_get_noisefloor
                0x4028a420                get_noisefloor_sat
                0x4028a450                ram_set_noise_floor
                0x4028a4ac                ram_start_noisefloor
                0x4028a4f8                read_hw_noisefloor
                0x4028a524                noise_check_loop
                0x4028a680                noise_init
                0x4028a87c                target_power_backoff
                0x4028a8d0                sdt_on_noise_start
                0x4028a954                chip_v6_set_chan_rx_cmp
                0x4028aae0                chip_v6_set_chan_misc
                0x4028ab68                phy_dig_spur_set
                0x4028aec0                phy_dig_spur_prot
                0x4028b0f8                chip_v6_rxmax_ext_dig
                0x4028b144                chip_v6_rxmax_ext
                0x4028b1f8                phy_bb_rx_cfg
                0x4028b5fc                uart_wait_idle
                0x4028b634                phy_pbus_soc_cfg
                0x4028b6f8                phy_gpio_cfg
                0x4028ba40                tx_cont_en
                0x4028bae8                tx_cont_dis
                0x4028bb3c                tx_cont_cfg
                0x4028bb5c                chip_v6_initialize_bb
                0x4028bcc8                periodic_cal
                0x4028bdac                bbpll_cal
                0x4028be40                periodic_cal_top
                0x4028bea4                register_chipv6_phy_init_param
                0x4028c144                change_bbpll160_sleep
                0x4028c234                change_bbpll160
                0x4028c26c                set_crystal_uart
                0x4028c300                ant_switch_init
                0x4028c3ac                reduce_current_init
                0x4028c414                rtc_mem_check
                0x4028c450                phy_afterwake_set_rfoption
                0x4028c484                deep_sleep_set_option
                0x4028c4b0                write_data_to_rtc
                0x4028c4e8                get_data_from_rtc
                0x4028c574                register_chipv6_phy
                0x4028c94c                set_dpd_bypass
                0x4028c974                set_rf_gain_stage10
                0x4028c9a4                get_vdd33_offset
                0x4028ca18                get_phy_target_power
                0x4028cacc                set_most_pwr_reg
                0x4028cba0                phy_set_most_tpw
                0x4028cbc4                phy_vdd33_set_tpw
                0x4028cbdc                get_adc_rand
                0x4028cc10                phy_get_rand
                0x4028cc28                phy_tx_pwctrl_cali
 *fill*         0x4028cc4e        0x2 
 .irom0.text    0x4028cc50     0x21a0 c:/Espressif/ESP8266_SDK/lib\libphy.a(phy_chip_v6_cal.o)
                               0x23f0 (size before relaxing)
                0x4028cc50                txbbgain2dcoindex
                0x4028cc70                dcoindex2txbbgain
                0x4028cc94                init_cal_dcoffset
                0x4028cd58                set_rfanagain_dc_reg
                0x4028cdf4                set_txdc_pbus
                0x4028ce60                get_rf_gain_qdb
                0x4028ce88                correct_rf_ana_gain
                0x4028cf90                get_sar_dout
                0x4028d028                cal_rf_ana_gain
                0x4028d100                meas_tone_pwr_db
                0x4028d170                tx_pwr_backoff
                0x4028d2bc                get_fcc_1m2m_pwr_offset
                0x4028d2f8                ram_set_txbb_atten
                0x4028d38c                txiq_get_mis_pwr
                0x4028d430                txiq_cover
                0x4028d64c                ram_rfcal_txiq
                0x4028d8bc                rc_cal
                0x4028da7c                get_target_power_offset
                0x4028db84                get_pwctrl_correct
                0x4028dbe0                tx_pwctrl_cal
                0x4028df88                tx_pwctrl_bg_init
                0x4028e000                tx_pwctrl_background
                0x4028e0b4                read_sar_dout
                0x4028e118                ram_get_fm_sar_dout
                0x4028e1bc                ram_cal_tos_v60
                0x4028e39c                ram_get_bb_atten
                0x4028e3cc                ram_rfcal_txcap
                0x4028e590                ram_rfcal_pwrctrl
                0x4028e7ac                ram_rxiq_get_mis
                0x4028e97c                ram_rxiq_cover_mg_mp
                0x4028eb20                ram_rfcal_rxiq
                0x4028ed2c                dpd_scale_set
                0x4028ed74                dpd_mem_write
 .irom0.text    0x4028edf0      0xd8e c:/Espressif/ESP8266_SDK/lib\libphy.a(phy_sleep.o)
                                0xfae (size before relaxing)
                0x4028edf0                pm_usec2rtc
                0x4028ee24                pm_rtc2usec
                0x4028ee34                pm_set_sleep_cycles
                0x4028ee60                pm_sleep_opt
                0x4028ef78                pm_wakeup_opt
                0x4028efb0                get_chip_version
                0x4028eff0                pm_sleep_opt_bb_off
                0x4028f030                pm_sleep_opt_bb_on
                0x4028f07c                pm_set_pll_xtal_wait_time
                0x4028f0c4                pm_prepare_to_sleep
                0x4028f0e8                pm_sdio_nidle
                0x4028f15c                chg_lslp_mem_opt_8266
                0x4028f18c                pm_goto_sleep
                0x4028f2d8                pm_wait4wakeup
                0x4028f314                pm_open_rf
                0x4028f358                pm_sleep_set_mac
                0x4028f3dc                pm_set_wakeup_mac
                0x4028f478                pm_check_mac_idle
                0x4028f4d0                pm_set_sleep_btco
                0x4028f570                pm_set_wakeup_btco
                0x4028f688                pm_set_sleep_mode
                0x4028f7a4                pm_unmask_bt
                0x4028f80c                pm_wakeup_init
                0x4028fa20                sleep_opt_8266
                0x4028fa40                sleep_opt_bb_on_8266
                0x4028fa7c                sleep_reset_analog_rtcreg_8266
 *fill*         0x4028fb7e        0x2 
 .irom0.text    0x4028fb80      0x401 c:/Espressif/ESP8266_SDK/lib\libpp.a(if_hwctrl.o)
                                0x4f9 (size before relaxing)
                0x4028fb84                ic_get_addr
                0x4028fb90                ic_set_opmode
                0x4028fba4                ic_enable_interface
                0x4028fbf4                ic_interface_enabled
                0x4028fc08                ic_disable_interface
                0x4028fc50                ic_is_pure_sta
                0x4028fc6c                ic_get_ptk_alg
                0x4028fc7c                ic_get_gtk_alg
                0x4028fc8c                ic_set_ptk_alg
                0x4028fc9c                ic_set_gtk_alg
                0x4028fcac                ic_interface_is_p2p
                0x4028fd3c                ic_set_vif
                0x4028fdd8                ic_set_sta
                0x4028fe90                ic_bss_info_update
                0x4028feec                ic_set_key
                0x4028ff48                ic_remove_key
                0x4028ff5c                ic_get_rssi
 *fill*         0x4028ff81        0x3 
 .irom0.text    0x4028ff84       0xfc c:/Espressif/ESP8266_SDK/lib\libpp.a(lmac.o)
                                0x114 (size before relaxing)
                0x4028ff88                lmacInitAc
                0x4028ffbc                lmacInit
                0x40290064                lmacSetRetryLimit
 .irom0.text    0x40290080     0x19c5 c:/Espressif/ESP8266_SDK/lib\libpp.a(pm.o)
                               0x1f41 (size before relaxing)
                0x40290088                pm_rtc_clock_cali_proc
                0x402900c0                pm_get_ck170_period
                0x402900e4                pm_set_sleep_time
                0x4029039c                pm_rf_is_closed
                0x402903cc                pm_set_sleep_type_from_upper
                0x402904bc                pm_get_sleep_type
                0x40290690                uart_tx_flush
                0x40290694                pm_suspend
                0x402908d0                pm_shutdown
                0x402909ac                pm_reset_idle_sleep
                0x402909ec                pm_idle_sleep
                0x402909f8                pm_open
                0x40290ad8                pm_onBcnRx
                0x40290e6c                StopLightSleepSetFunc
                0x40290e74                LightSleepWakedCbSetFunc
                0x40291468                pm_enable_gpio_wakeup
                0x402914a0                pm_attach
                0x40291594                pm_send_nullfunc
                0x40291738                pm_is_waked
                0x40291750                pm_is_open
                0x40291768                pm_scan_lock
                0x40291790                pm_try_scan_unlock
                0x402917a8                pm_force_scan_unlock
                0x40291864                pm_scan_unlocked
                0x40291878                pm_allow_tx
                0x40291894                pm_assoc_parse
                0x402918ac                pm_set_addr
                0x402918cc                pm_sleep_for
                0x40291900                pm_post
                0x40291a04                pm_get_idle_wait_time
 *fill*         0x40291a45        0x3 
 .irom0.text    0x40291a48      0x991 c:/Espressif/ESP8266_SDK/lib\libpp.a(pm_for_bcn_only_mode.o)
                                0xcc9 (size before relaxing)
                0x40291a5c                fpm_set_type_from_upper
                0x40291b18                fpm_get_slp_type
                0x40291b20                fpm_rf_is_closed
                0x40291b34                fpm_is_open
                0x40291b40                fpm_allow_tx
                0x40291b64                fpm_close
                0x40291be0                fpm_open
                0x40291c48                fpm_attach
                0x40291edc                fpm_do_wakeup
                0x40292360                fpm_do_sleep
 *fill*         0x402923d9        0x3 
 .irom0.text    0x402923dc     0x13e6 c:/Espressif/ESP8266_SDK/lib\libpp.a(pp.o)
                               0x1746 (size before relaxing)
                0x402923e4                PPWdtReset
                0x40292410                pp_soft_wdt_init
                0x40292434                system_soft_wdt_feed
                0x40292434                pp_soft_wdt_feed
                0x40292450                system_soft_wdt_stop
                0x40292450                pp_soft_wdt_stop
                0x4029247c                system_soft_wdt_restart
                0x4029247c                pp_soft_wdt_restart
                0x402924b4                RxNodeNum
                0x402924d8                TxNodeNum
                0x402924fc                pp_disable_noise_timer
                0x4029251c                pp_enable_noise_timer
                0x4029262c                pp_noise_test
                0x4029263c                reset_noise_timer
                0x40292674                pp_disable_idle_timer
                0x40292698                pp_enable_idle_timer
                0x402926c0                pp_try_enable_idle_timer
                0x402926f8                ppPeocessRxPktHdr
                0x402929e0                ppTxPkt
                0x40292af4                ppProcessWaitQ
                0x40292b04                ppRegisterTxCallback
                0x40292b34                ppUnregisterTxCallback
                0x40292b74                ppRecycleRxPkt
                0x40292bd4                ppCheckTxIdle
                0x40292e48                pp_tx_idle_timeout
                0x4029300c                DefFreqCalTimerCB
                0x402932fc                ppGetTxQFirstAvail_Locked
                0x402933e0                pp_attach
 *fill*         0x402937c2        0x2 
 .irom0.text    0x402937c4      0x296 c:/Espressif/ESP8266_SDK/lib\libpp.a(rate_control.o)
                                0x2a2 (size before relaxing)
                0x40293a10                RC_SetBasicRate
 *fill*         0x40293a5a        0x2 
 .irom0.text    0x40293a5c      0x3e5 c:/Espressif/ESP8266_SDK/lib\libpp.a(trc.o)
                                0x43d (size before relaxing)
                0x40293a88                rcUpdatePhyMode
                0x40293b6c                rcAttach
                0x40293bb8                rcGetTrc
                0x40293bc0                trc_onDisconnect
                0x40293bc4                trc_onScanStart
                0x40293bd8                trc_onScanDone
                0x40293bf4                rc_enable_trc
                0x40293cbc                rc_get_mask
                0x40293cd0                rc_disable_trc
                0x40293d24                rc_disable_trc_by_interface
                0x40293d40                rc_get_sta_trc
                0x40293d84                rc_get_trc
                0x40293df4                rc_get_trc_by_index
                0x40293e14                rc_only_sta_trc
 *fill*         0x40293e41        0x3 
 .irom0.text    0x40293e44      0xaf3 c:/Espressif/ESP8266_SDK/lib\libpp.a(wdev.o)
                                0xc4b (size before relaxing)
                0x40293e50                wDev_Option_Init
                0x40293f44                wDev_Enable_Beacon_Tsf
                0x40293f60                wDev_Disable_Beacon_Tsf
                0x40293f7c                wDev_Set_Beacon_Int
                0x40293f84                wDev_Reset_TBTT
                0x40293fb4                wDev_Get_Next_TBTT
                0x4029422c                wDev_Initialize
                0x4029429c                wDevForceAck6M
                0x402942b8                wDev_SetMacAddress
                0x40294354                wDev_SetRxPolicy
                0x402943a8                wDev_SetBssid
                0x40294480                wDev_ClearBssid
                0x402944b8                wDev_Insert_KeyEntry
                0x402945ac                wDev_remove_KeyEntry
                0x402945e8                wDev_remove_KeyEntry_all_cnx
                0x40294638                wDev_Crypto_Conf
                0x402946d4                wDev_Crypto_Disable
                0x4029470c                wDevEnableRx
                0x40294734                wdev_go_sniffer
                0x40294810                wdev_set_sniffer_addr
                0x40294868                wdev_exit_sniffer
 *fill*         0x40294937        0x1 
 .irom0.text    0x40294938      0x3c7 c:/Espressif/ESP8266_SDK/lib\libpp.a(esf_buf.o)
                                0x48b (size before relaxing)
                0x4029493c                esf_buf_alloc
                0x40294ad8                esf_buf_recycle
                0x40294bf8                esf_buf_setup
 *fill*         0x40294cff        0x1 
 .irom0.text    0x40294d00      0x3ad c:/Espressif/ESP8266_SDK/lib\libnet80211.a(ieee80211.o)
                                0x461 (size before relaxing)
                0x40294d84                ieee80211_rate_ref_init
                0x40294d94                ieee80211_ifattach
                0x40294de8                ieee80211_mhz2ieee
                0x40294e44                ieee80211_chan2ieee
                0x40294e60                ieee80211_ieee2mhz
                0x40294ea0                ieee80211_find_channel
                0x40294ecc                ieee80211_find_channel_byieee
                0x40294f18                wifi_mode_set
 *fill*         0x402950ad        0x3 
 .irom0.text    0x402950b0       0xc7 c:/Espressif/ESP8266_SDK/lib\libnet80211.a(ieee80211_crypto.o)
                                 0xcf (size before relaxing)
                0x402950b0                ieee80211_crypto_attach
                0x402950b4                ieee80211_crypto_available
                0x402950b8                ieee80211_crypto_setkey
                0x402950bc                ieee80211_crypto_encap
                0x4029510c                ieee80211_crypto_decap
 *fill*         0x40295177        0x1 
 .irom0.text    0x40295178       0x4c c:/Espressif/ESP8266_SDK/lib\libnet80211.a(ieee80211_ets.o)
                                 0x50 (size before relaxing)
                0x4029517c                ieee80211_getmgtframe
 .irom0.text    0x402951c4     0x1415 c:/Espressif/ESP8266_SDK/lib\libnet80211.a(ieee80211_hostap.o)
                               0x188c (size before relaxing)
                0x40295668                ieee80211_hostap_attach
                0x40295744                hostap_handle_timer
                0x402957d8                hostap_input
                0x402962f8                wifi_softap_start
                0x40296454                wifi_softap_stop
 *fill*         0x402965d9        0x3 
 .irom0.text    0x402965dc      0xa5a c:/Espressif/ESP8266_SDK/lib\libnet80211.a(ieee80211_ht.o)
                                0xb22 (size before relaxing)
                0x402965ec                ieee80211_ht_attach
                0x4029663c                ieee80211_ht_node_init
                0x40296678                ieee80211_ht_node_cleanup
                0x402966b0                ieee80211_parse_htcap
                0x40296784                ieee80211_ht_updateparams
                0x40296890                ieee80211_setup_htrates
                0x4029695c                ieee80211_setup_basic_htrates
                0x40296ca0                ieee80211_add_htcap
                0x40296cbc                ieee80211_add_htcap_vendor
                0x40296de0                ieee80211_add_htinfo
                0x40296dfc                ieee80211_add_htinfo_vendor
 *fill*         0x40297036        0x2 
 .irom0.text    0x40297038      0x954 c:/Espressif/ESP8266_SDK/lib\libnet80211.a(ieee80211_input.o)
                                0x9d0 (size before relaxing)
                0x40297038                ieee80211_deliver_data
                0x4029708c                ieee80211_decap
                0x40297190                ieee80211_setup_rates
                0x402971fc                ieee80211_alloc_challenge
                0x40297234                ieee80211_parse_beacon
                0x402976d8                ieee80211_parse_wpa
                0x402977ec                ieee80211_parse_rsn
                0x402978ec                ieee80211_parse_action
                0x40297988                ieee80211_setup_rateset
 .irom0.text    0x4029798c     0x186f c:/Espressif/ESP8266_SDK/lib\libnet80211.a(ieee80211_output.o)
                               0x1b57 (size before relaxing)
                0x40297990                ieee80211_output_pbuf
                0x40297bec                ieee80211_send_setup
                0x40297d20                ieee80211_mgmt_output
                0x40297e04                ieee80211_tx_mgt_cb
                0x40297e08                ieee80211_send_nulldata
                0x40298264                ieee80211_add_rates
                0x4029829c                ieee80211_add_xrates
                0x40298360                ieee80211_send_probereq
                0x4029850c                ieee80211_getcapinfo
                0x40298564                ieee80211_send_mgmt
                0x40298a84                ieee80211_alloc_proberesp
                0x40298be0                ieee80211_send_proberesp
                0x40298d20                ieee80211_freedom_output
                0x402990ac                ieee80211_beacon_alloc
 *fill*         0x402991fb        0x1 
 .irom0.text    0x402991fc       0xb6 c:/Espressif/ESP8266_SDK/lib\libnet80211.a(ieee80211_phy.o)
                                 0xd2 (size before relaxing)
                0x402991fc                ieee80211_phy_init
                0x40299230                ieee80211_phy_type_get
                0x40299248                ieee80211_setup_ratetable
 *fill*         0x402992b2        0x2 
 .irom0.text    0x402992b4      0x1b6 c:/Espressif/ESP8266_SDK/lib\libnet80211.a(ieee80211_power.o)
                                0x1f2 (size before relaxing)
                0x402992b4                ieee80211_psq_init
                0x402992d4                ieee80211_psq_cleanup
                0x402992dc                ieee80211_set_tim
                0x4029931c                ieee80211_pwrsave
                0x40299384                pwrsave_flushq
                0x40299434                ieee80211_node_pwrsave
 *fill*         0x4029946a        0x2 
 .irom0.text    0x4029946c       0xd3 c:/Espressif/ESP8266_SDK/lib\libnet80211.a(ieee80211_proto.o)
                                 0xef (size before relaxing)
                0x40299470                ieee80211_proto_attach
                0x40299498                ieee80211_set_shortslottime
                0x402994b4                ieee80211_iserp_rateset
                0x402994e8                ieee80211_wme_initparams
                0x402994ec                ieee80211_wme_updateparams
                0x402994f0                ieee80211_mlme_connect_bss
 *fill*         0x4029953f        0x1 
 .irom0.text    0x40299540      0xdef c:/Espressif/ESP8266_SDK/lib\libnet80211.a(ieee80211_scan.o)
                               0x10fb (size before relaxing)
                0x4029954c                ieee80211_scan_attach
                0x402995dc                scan_start
                0x4029975c                scan_pm_channel_op_cb
                0x402998fc                scan_cancel
                0x40299a40                scan_add_bssid
                0x40299a64                scan_remove_bssid
                0x40299a70                scan_hidden_ssid
                0x40299a78                scan_add_probe_ssid
                0x40299acc                scan_remove_probe_ssid
                0x40299c08                scan_clear_channles
                0x40299c7c                scan_set_desChan
                0x40299c88                scan_get_type
                0x40299c90                cannel_scan_connect_state
                0x40299ca8                scan_connect_state
                0x40299cf0                scan_check_hidden
                0x40299d18                scan_profile_check
                0x4029a040                scan_parse_beacon
 *fill*         0x4029a32f        0x1 
 .irom0.text    0x4029a330      0xd9a c:/Espressif/ESP8266_SDK/lib\libnet80211.a(ieee80211_sta.o)
                                0xfa1 (size before relaxing)
                0x4029a390                sta_status_set
                0x4029a3f8                ieee80211_sta_new_state
                0x4029a704                sta_input
                0x4029aae4                ieee80211_parse_wmeparams
                0x4029b020                wifi_station_start
                0x4029b090                wifi_station_stop
 *fill*         0x4029b0ca        0x2 
 .irom0.text    0x4029b0cc      0x29e c:/Espressif/ESP8266_SDK/lib\libnet80211.a(wl_chm.o)
                                0x31e (size before relaxing)
                0x4029b0d8                chm_init
                0x4029b13c                chm_acquire_lock
                0x4029b180                chm_release_lock
                0x4029b194                chm_start_op
                0x4029b238                chm_end_op
                0x4029b280                chm_cancel_op
                0x4029b2b4                chm_return_home_channel
                0x4029b2e4                chm_set_current_channel
                0x4029b314                chm_freq2index
                0x4029b33c                chm_check_same_channel
 *fill*         0x4029b36a        0x2 
 .irom0.text    0x4029b36c     0x13c7 c:/Espressif/ESP8266_SDK/lib\libnet80211.a(wl_cnx.o)
                               0x1817 (size before relaxing)
                0x4029b378                cnx_attach
                0x4029b3b8                cnx_sta_connect_led_timer_cb
                0x4029b408                cnx_sta_connect_cmd
                0x4029b4c4                cnx_sta_scan_cmd
                0x4029b700                cnx_connect_timeout
                0x4029b768                cnx_start_handoff_cb
                0x4029bba0                cnx_bss_alloc
                0x4029bc40                cnx_rc_search
                0x4029bcc0                cnx_add_rc
                0x4029bd2c                cnx_remove_all_rc
                0x4029bd78                cnx_remove_rc
                0x4029be48                cnx_rc_update_rssi
                0x4029bed0                cnx_rc_update_state_metric
                0x4029bf3c                cnx_rc_update_age
                0x4029bf60                cnx_update_bss
                0x4029bf94                cnx_update_bss_more
                0x4029c134                cnx_sta_leave
                0x4029c288                cnx_sta_associated
                0x4029c338                cnx_node_alloc
                0x4029c3a4                cnx_node_remove
                0x4029c424                cnx_node_search
                0x4029c4a0                cnx_node_leave
                0x4029c584                cnx_node_join
 *fill*         0x4029c733        0x1 
 .irom0.text    0x4029c734      0x16f c:/Espressif/ESP8266_SDK/lib\libnet80211.a(ieee80211_action.o)
                                0x193 (size before relaxing)
                0x4029c744                ieee80211_send_action_register
                0x4029c778                ieee80211_send_action_unregister
                0x4029c78c                ieee80211_send_action
                0x4029c7f8                ieee80211_recv_action_register
                0x4029c82c                ieee80211_recv_action_unregister
                0x4029c840                ieee80211_recv_action
 *fill*         0x4029c8a3        0x1 
 .irom0.text    0x4029c8a4      0x47d c:/Espressif/ESP8266_SDK/lib\libnet80211.a(ieee80211_action_vendor.o)
                                0x50d (size before relaxing)
                0x4029c8a8                get_iav_key
                0x4029c8c8                register_ieee80211_action_vendor_get_key_cb
                0x4029c8dc                unregister_ieee80211_action_vendor_get_key_cb
                0x4029c8ec                ieee80211_add_action_vendor_spec_esp
                0x4029c934                ieee80211_alloc_action_vendor_spec
                0x4029ca20                ieee80211_send_action_vendor_spec
                0x4029cbbc                ieee80211_recv_action_vendor_spec
                0x4029ccc4                ieee80211_action_vendor_spec_attach
                0x4029cd04                register_ieee80211_action_vendor_spec_cb
                0x4029cd18                unregister_ieee80211_action_vendor_spec_cb